﻿00:00 +0: loading C:/Users/jcale/produccion_unificada/test/widget_test.dart
00:00 +0: La aplicaci├│n carga y muestra las pesta├▒as principales
ΓòÉΓòÉΓòí EXCEPTION CAUGHT BY WIDGETS LIBRARY Γò₧ΓòÉΓòÉΓòÉΓòÉΓòÉΓòÉΓòÉΓòÉΓòÉΓòÉΓòÉΓòÉΓòÉΓòÉΓòÉΓòÉΓòÉΓòÉΓòÉΓòÉΓòÉΓòÉΓòÉΓòÉΓòÉΓòÉΓòÉΓòÉΓòÉΓòÉΓòÉΓòÉΓòÉΓòÉΓòÉΓòÉΓòÉΓòÉΓòÉΓòÉΓòÉΓòÉΓòÉΓòÉΓòÉΓòÉΓòÉΓòÉΓòÉΓòÉΓòÉΓòÉΓòÉΓòÉΓòÉΓòÉΓòÉΓòÉΓòÉ
The following _TypeError was thrown building AplicacionUnificada(dirty):
Null check operator used on a null value

The relevant error-causing widget was:
  AplicacionUnificada
  AplicacionUnificada:file:///C:/Users/jcale/produccion_unificada/test/widget_test.dart:18:35

When the exception was thrown, this was the stack:
#0      new ThemeData (package:flutter/src/material/theme_data.dart:464:74)
#1      AplicacionUnificada.build (package:produccion_unificada/main.dart:19:14)
#2      StatelessElement.build (package:flutter/src/widgets/framework.dart:5791:49)
#3      ComponentElement.performRebuild (package:flutter/src/widgets/framework.dart:5723:15)
#4      Element.rebuild (package:flutter/src/widgets/framework.dart:5435:7)
#5      ComponentElement._firstBuild (package:flutter/src/widgets/framework.dart:5705:5)
#6      ComponentElement.mount (package:flutter/src/widgets/framework.dart:5699:5)
#7      Element.inflateWidget (package:flutter/src/widgets/framework.dart:4548:16)
#8      Element.updateChild (package:flutter/src/widgets/framework.dart:3998:20)
#9      ComponentElement.performRebuild (package:flutter/src/widgets/framework.dart:5747:16)
#10     Element.rebuild (package:flutter/src/widgets/framework.dart:5435:7)
#11     ProxyElement.update (package:flutter/src/widgets/framework.dart:6051:5)
#12     _InheritedNotifierElement.update (package:flutter/src/widgets/inherited_notifier.dart:108:11)
#13     Element.updateChild (package:flutter/src/widgets/framework.dart:3982:15)
#14     ComponentElement.performRebuild (package:flutter/src/widgets/framework.dart:5747:16)
#15     StatefulElement.performRebuild (package:flutter/src/widgets/framework.dart:5884:11)
#16     Element.rebuild (package:flutter/src/widgets/framework.dart:5435:7)
#17     StatefulElement.update (package:flutter/src/widgets/framework.dart:5909:5)
#18     Element.updateChild (package:flutter/src/widgets/framework.dart:3982:15)
#19     ComponentElement.performRebuild (package:flutter/src/widgets/framework.dart:5747:16)
#20     Element.rebuild (package:flutter/src/widgets/framework.dart:5435:7)
#21     ProxyElement.update (package:flutter/src/widgets/framework.dart:6051:5)
#22     _InheritedNotifierElement.update (package:flutter/src/widgets/inherited_notifier.dart:108:11)
#23     Element.updateChild (package:flutter/src/widgets/framework.dart:3982:15)
#24     ComponentElement.performRebuild (package:flutter/src/widgets/framework.dart:5747:16)
#25     StatefulElement.performRebuild (package:flutter/src/widgets/framework.dart:5884:11)
#26     Element.rebuild (package:flutter/src/widgets/framework.dart:5435:7)
#27     StatefulElement.update (package:flutter/src/widgets/framework.dart:5909:5)
#28     Element.updateChild (package:flutter/src/widgets/framework.dart:3982:15)
#29     ComponentElement.performRebuild (package:flutter/src/widgets/framework.dart:5747:16)
#30     StatefulElement.performRebuild (package:flutter/src/widgets/framework.dart:5884:11)
#31     Element.rebuild (package:flutter/src/widgets/framework.dart:5435:7)
#32     StatefulElement.update (package:flutter/src/widgets/framework.dart:5909:5)
#33     Element.updateChild (package:flutter/src/widgets/framework.dart:3982:15)
#34     ComponentElement.performRebuild (package:flutter/src/widgets/framework.dart:5747:16)
#35     Element.rebuild (package:flutter/src/widgets/framework.dart:5435:7)
#36     ProxyElement.update (package:flutter/src/widgets/framework.dart:6051:5)
#37     Element.updateChild (package:flutter/src/widgets/framework.dart:3982:15)
#38     ComponentElement.performRebuild (package:flutter/src/widgets/framework.dart:5747:16)
#39     StatefulElement.performRebuild (package:flutter/src/widgets/framework.dart:5884:11)
#40     Element.rebuild (package:flutter/src/widgets/framework.dart:5435:7)
#41     StatefulElement.update (package:flutter/src/widgets/framework.dart:5909:5)
#42     Element.updateChild (package:flutter/src/widgets/framework.dart:3982:15)
#43     ComponentElement.performRebuild (package:flutter/src/widgets/framework.dart:5747:16)
#44     Element.rebuild (package:flutter/src/widgets/framework.dart:5435:7)
#45     ProxyElement.update (package:flutter/src/widgets/framework.dart:6051:5)
#46     Element.updateChild (package:flutter/src/widgets/framework.dart:3982:15)
#47     ComponentElement.performRebuild (package:flutter/src/widgets/framework.dart:5747:16)
#48     Element.rebuild (package:flutter/src/widgets/framework.dart:5435:7)
#49     ProxyElement.update (package:flutter/src/widgets/framework.dart:6051:5)
#50     Element.updateChild (package:flutter/src/widgets/framework.dart:3982:15)
#51     _RawViewElement._updateChild (package:flutter/src/widgets/view.dart:481:16)
#52     _RawViewElement.update (package:flutter/src/widgets/view.dart:568:5)
#53     Element.updateChild (package:flutter/src/widgets/framework.dart:3982:15)
#54     ComponentElement.performRebuild (package:flutter/src/widgets/framework.dart:5747:16)
#55     Element.rebuild (package:flutter/src/widgets/framework.dart:5435:7)
#56     StatelessElement.update (package:flutter/src/widgets/framework.dart:5797:5)
#57     Element.updateChild (package:flutter/src/widgets/framework.dart:3982:15)
#58     ComponentElement.performRebuild (package:flutter/src/widgets/framework.dart:5747:16)
#59     StatefulElement.performRebuild (package:flutter/src/widgets/framework.dart:5884:11)
#60     Element.rebuild (package:flutter/src/widgets/framework.dart:5435:7)
#61     StatefulElement.update (package:flutter/src/widgets/framework.dart:5909:5)
#62     Element.updateChild (package:flutter/src/widgets/framework.dart:3982:15)
#63     RootElement._rebuild (package:flutter/src/widgets/binding.dart:1716:16)
#64     RootElement.update (package:flutter/src/widgets/binding.dart:1694:5)
#65     RootElement.performRebuild (package:flutter/src/widgets/binding.dart:1708:7)
#66     Element.rebuild (package:flutter/src/widgets/framework.dart:5435:7)
#67     BuildScope._tryRebuild (package:flutter/src/widgets/framework.dart:2695:15)
#68     BuildScope._flushDirtyElements (package:flutter/src/widgets/framework.dart:2752:11)
#69     BuildOwner.buildScope (package:flutter/src/widgets/framework.dart:3056:18)
#70     AutomatedTestWidgetsFlutterBinding.drawFrame (package:flutter_test/src/binding.dart:1506:19)
#71     RendererBinding._handlePersistentFrameCallback (package:flutter/src/rendering/binding.dart:495:5)
#72     SchedulerBinding._invokeFrameCallback (package:flutter/src/scheduler/binding.dart:1434:15)
#73     SchedulerBinding.handleDrawFrame (package:flutter/src/scheduler/binding.dart:1347:9)
#74     AutomatedTestWidgetsFlutterBinding.pump.<anonymous closure> (package:flutter_test/src/binding.dart:1335:9)
#77     TestAsyncUtils.guard (package:flutter_test/src/test_async_utils.dart:74:41)
#78     AutomatedTestWidgetsFlutterBinding.pump (package:flutter_test/src/binding.dart:1324:27)
#79     WidgetTester.pumpWidget.<anonymous closure> (package:flutter_test/src/widget_tester.dart:598:22)
#82     TestAsyncUtils.guard (package:flutter_test/src/test_async_utils.dart:74:41)
#83     WidgetTester.pumpWidget (package:flutter_test/src/widget_tester.dart:595:27)
#84     main.<anonymous closure> (file:///C:/Users/jcale/produccion_unificada/test/widget_test.dart:18:18)
#85     testWidgets.<anonymous closure>.<anonymous closure> (package:flutter_test/src/widget_tester.dart:192:29)
<asynchronous suspension>
#86     TestWidgetsFlutterBinding._runTestBody (package:flutter_test/src/binding.dart:1059:5)
<asynchronous suspension>
<asynchronous suspension>
(elided 5 frames from dart:async and package:stack_trace)

ΓòÉΓòÉΓòÉΓòÉΓòÉΓòÉΓòÉΓòÉΓòÉΓòÉΓòÉΓòÉΓòÉΓòÉΓòÉΓòÉΓòÉΓòÉΓòÉΓòÉΓòÉΓòÉΓòÉΓòÉΓòÉΓòÉΓòÉΓòÉΓòÉΓòÉΓòÉΓòÉΓòÉΓòÉΓòÉΓòÉΓòÉΓòÉΓòÉΓòÉΓòÉΓòÉΓòÉΓòÉΓòÉΓòÉΓòÉΓòÉΓòÉΓòÉΓòÉΓòÉΓòÉΓòÉΓòÉΓòÉΓòÉΓòÉΓòÉΓòÉΓòÉΓòÉΓòÉΓòÉΓòÉΓòÉΓòÉΓòÉΓòÉΓòÉΓòÉΓòÉΓòÉΓòÉΓòÉΓòÉΓòÉΓòÉΓòÉΓòÉΓòÉΓòÉΓòÉΓòÉΓòÉΓòÉΓòÉΓòÉΓòÉΓòÉΓòÉΓòÉΓòÉΓòÉΓòÉΓòÉΓòÉΓòÉΓòÉΓòÉ
ΓòÉΓòÉΓòí EXCEPTION CAUGHT BY FLUTTER TEST FRAMEWORK Γò₧ΓòÉΓòÉΓòÉΓòÉΓòÉΓòÉΓòÉΓòÉΓòÉΓòÉΓòÉΓòÉΓòÉΓòÉΓòÉΓòÉΓòÉΓòÉΓòÉΓòÉΓòÉΓòÉΓòÉΓòÉΓòÉΓòÉΓòÉΓòÉΓòÉΓòÉΓòÉΓòÉΓòÉΓòÉΓòÉΓòÉΓòÉΓòÉΓòÉΓòÉΓòÉΓòÉΓòÉΓòÉΓòÉΓòÉΓòÉΓòÉΓòÉΓòÉΓòÉΓòÉ
The following TestFailure was thrown running a test:
Expected: exactly one matching candidate
  Actual: _TextWidgetFinder:<Found 0 widgets with text "Calculadora de Producci├│n Unificada": []>
   Which: means none were found but one was expected

When the exception was thrown, this was the stack:
#4      main.<anonymous closure> (file:///C:/Users/jcale/produccion_unificada/test/widget_test.dart:21:5)
<asynchronous suspension>
#5      testWidgets.<anonymous closure>.<anonymous closure> (package:flutter_test/src/widget_tester.dart:192:15)
<asynchronous suspension>
#6      TestWidgetsFlutterBinding._runTestBody (package:flutter_test/src/binding.dart:1059:5)
<asynchronous suspension>
<asynchronous suspension>
(elided one frame from package:stack_trace)

This was caught by the test expectation on the following line:
  file:///C:/Users/jcale/produccion_unificada/test/widget_test.dart line 21
The test description was:
  La aplicaci├│n carga y muestra las pesta├▒as principales
ΓòÉΓòÉΓòÉΓòÉΓòÉΓòÉΓòÉΓòÉΓòÉΓòÉΓòÉΓòÉΓòÉΓòÉΓòÉΓòÉΓòÉΓòÉΓòÉΓòÉΓòÉΓòÉΓòÉΓòÉΓòÉΓòÉΓòÉΓòÉΓòÉΓòÉΓòÉΓòÉΓòÉΓòÉΓòÉΓòÉΓòÉΓòÉΓòÉΓòÉΓòÉΓòÉΓòÉΓòÉΓòÉΓòÉΓòÉΓòÉΓòÉΓòÉΓòÉΓòÉΓòÉΓòÉΓòÉΓòÉΓòÉΓòÉΓòÉΓòÉΓòÉΓòÉΓòÉΓòÉΓòÉΓòÉΓòÉΓòÉΓòÉΓòÉΓòÉΓòÉΓòÉΓòÉΓòÉΓòÉΓòÉΓòÉΓòÉΓòÉΓòÉΓòÉΓòÉΓòÉΓòÉΓòÉΓòÉΓòÉΓòÉΓòÉΓòÉΓòÉΓòÉΓòÉΓòÉΓòÉΓòÉΓòÉΓòÉΓòÉ
ΓòÉΓòÉΓòí EXCEPTION CAUGHT BY FLUTTER TEST FRAMEWORK Γò₧ΓòÉΓòÉΓòÉΓòÉΓòÉΓòÉΓòÉΓòÉΓòÉΓòÉΓòÉΓòÉΓòÉΓòÉΓòÉΓòÉΓòÉΓòÉΓòÉΓòÉΓòÉΓòÉΓòÉΓòÉΓòÉΓòÉΓòÉΓòÉΓòÉΓòÉΓòÉΓòÉΓòÉΓòÉΓòÉΓòÉΓòÉΓòÉΓòÉΓòÉΓòÉΓòÉΓòÉΓòÉΓòÉΓòÉΓòÉΓòÉΓòÉΓòÉΓòÉΓòÉ
The following message was thrown:
Multiple exceptions (2) were detected during the running of the current test, and at least one was
unexpected.
ΓòÉΓòÉΓòÉΓòÉΓòÉΓòÉΓòÉΓòÉΓòÉΓòÉΓòÉΓòÉΓòÉΓòÉΓòÉΓòÉΓòÉΓòÉΓòÉΓòÉΓòÉΓòÉΓòÉΓòÉΓòÉΓòÉΓòÉΓòÉΓòÉΓòÉΓòÉΓòÉΓòÉΓòÉΓòÉΓòÉΓòÉΓòÉΓòÉΓòÉΓòÉΓòÉΓòÉΓòÉΓòÉΓòÉΓòÉΓòÉΓòÉΓòÉΓòÉΓòÉΓòÉΓòÉΓòÉΓòÉΓòÉΓòÉΓòÉΓòÉΓòÉΓòÉΓòÉΓòÉΓòÉΓòÉΓòÉΓòÉΓòÉΓòÉΓòÉΓòÉΓòÉΓòÉΓòÉΓòÉΓòÉΓòÉΓòÉΓòÉΓòÉΓòÉΓòÉΓòÉΓòÉΓòÉΓòÉΓòÉΓòÉΓòÉΓòÉΓòÉΓòÉΓòÉΓòÉΓòÉΓòÉΓòÉΓòÉΓòÉ
00:00 +0 -1: La aplicaci├│n carga y muestra las pesta├▒as principales [E]
  Test failed. See exception logs above.
  The test description was: La aplicaci├│n carga y muestra las pesta├▒as principales
  
00:00 +0 -1: Some tests failed.
